
> frontend@0.1.0 dev
> next dev

  ▲ Next.js 14.2.35
  - Local:        http://localhost:3000

 ✓ Starting...
 ✓ Ready in 1738ms
 ○ Compiling /middleware ...
 ✓ Compiled /middleware in 1033ms (123 modules)
Supabase URL or Key is missing in middleware. Using placeholders.
 ○ Compiling /dashboard ...
 ✓ Compiled /dashboard in 10.9s (1700 modules)
Supabase URL or Key is missing. Using placeholders for build.
Supabase URL or Key is missing. Using placeholders for build.
Supabase URL or Key is missing. Using placeholders for build.
 GET /dashboard 200 in 11746ms
 ✓ Compiled in 1117ms (852 modules)
<w> [webpack.cache.PackFileCacheStrategy] Serializing big strings (133kiB) impacts deserialization performance (consider using Buffer instead and decode when needed)
Supabase URL or Key is missing in middleware. Using placeholders.
Supabase URL or Key is missing. Using placeholders for build.
Supabase URL or Key is missing. Using placeholders for build.
Supabase URL or Key is missing. Using placeholders for build.
 GET /dashboard 200 in 49ms
 ✓ Compiled in 161ms (123 modules)
<w> [webpack.cache.PackFileCacheStrategy] Serializing big strings (133kiB) impacts deserialization performance (consider using Buffer instead and decode when needed)
