
> frontend@0.1.0 dev
> next dev

  ▲ Next.js 14.2.35
  - Local:        http://localhost:3000

 ✓ Starting...
 ✓ Ready in 1785ms
 ○ Compiling /middleware ...
 ✓ Compiled /middleware in 1066ms (123 modules)
Supabase URL or Key is missing in middleware. Using placeholders.
 ○ Compiling /register ...
 ✓ Compiled /register in 11.7s (1845 modules)
Supabase URL or Key is missing. Using placeholders for build.
Supabase URL or Key is missing. Using placeholders for build.
Supabase URL or Key is missing. Using placeholders for build.
 GET /register 200 in 12647ms
 ✓ Compiled in 1198ms (925 modules)
Supabase URL or Key is missing in middleware. Using placeholders.
Supabase URL or Key is missing. Using placeholders for build.
Supabase URL or Key is missing. Using placeholders for build.
Supabase URL or Key is missing. Using placeholders for build.
 GET /register 200 in 172ms
<w> [webpack.cache.PackFileCacheStrategy] Serializing big strings (133kiB) impacts deserialization performance (consider using Buffer instead and decode when needed)
Supabase URL or Key is missing in middleware. Using placeholders.
Supabase URL or Key is missing in middleware. Using placeholders.
 ○ Compiling /login ...
 ✓ Compiled /login in 2.6s (1815 modules)
Supabase URL or Key is missing. Using placeholders for build.
Supabase URL or Key is missing. Using placeholders for build.
Supabase URL or Key is missing. Using placeholders for build.
 GET /login 200 in 2944ms
 ✓ Compiled in 168ms (123 modules)
 ✓ Compiled in 642ms (925 modules)
Supabase URL or Key is missing in middleware. Using placeholders.
 ○ Compiling /dashboard/matchmaking ...
 ✓ Compiled /dashboard/matchmaking in 698ms (1849 modules)
Supabase URL or Key is missing. Using placeholders for build.
Supabase URL or Key is missing. Using placeholders for build.
Supabase URL or Key is missing. Using placeholders for build.
 GET /dashboard/matchmaking 200 in 884ms
<w> [webpack.cache.PackFileCacheStrategy] Serializing big strings (133kiB) impacts deserialization performance (consider using Buffer instead and decode when needed)
 ✓ Compiled in 135ms (123 modules)
 ✓ Compiled in 709ms (1863 modules)
 ✓ Compiled in 472ms (1844 modules)
