
> frontend@0.1.0 dev
> next dev

 ⚠ Port 3000 is in use, trying 3001 instead.
  ▲ Next.js 14.2.35
  - Local:        http://localhost:3001

 ✓ Starting...
 ✓ Ready in 1926ms
 ○ Compiling /middleware ...
 ✓ Compiled /middleware in 1496ms (123 modules)
 ⨯ Error: Your project's URL and Key are required to create a Supabase client!

Check your Supabase project's API settings to find these values

https://supabase.com/dashboard/project/_/settings/api
    at <unknown> (https://supabase.com/dashboard/project/_/settings/api)
    at createServerClient (webpack-internal:///(middleware)/./node_modules/@supabase/ssr/dist/module/createServerClient.js:15:15)
    at updateSession (webpack-internal:///(middleware)/./utils/supabase/middleware.ts:15:87)
    at Object.middleware [as handler] (webpack-internal:///(middleware)/./middleware.ts:11:111)
    at eval (webpack-internal:///(middleware)/./node_modules/next/dist/esm/server/web/adapter.js:197:31)
    at AsyncLocalStorage.run (node:internal/async_local_storage/async_hooks:91:14)
    at Object.wrap (webpack-internal:///(middleware)/./node_modules/next/dist/esm/server/async-storage/request-async-storage-wrapper.js:105:24)
    at eval (webpack-internal:///(middleware)/./node_modules/next/dist/esm/server/web/adapter.js:188:122)
    at eval (webpack-internal:///(middleware)/./node_modules/next/dist/esm/server/lib/trace/tracer.js:115:36)
    at NoopContextManager.with (webpack-internal:///(middleware)/./node_modules/next/dist/compiled/@opentelemetry/api/index.js:2:7062)
    at ContextAPI.with (webpack-internal:///(middleware)/./node_modules/next/dist/compiled/@opentelemetry/api/index.js:2:518)
 ○ Compiling /_error ...
 ✓ Compiled /_error in 2.5s (255 modules)
 GET /dashboard 404 in 10ms
 ○ Compiling /_not-found ...
<w> [webpack.cache.PackFileCacheStrategy] Serializing big strings (133kiB) impacts deserialization performance (consider using Buffer instead and decode when needed)
 ⚠ Fast Refresh had to perform a full reload due to a runtime error.
 ⨯ Error: Your project's URL and Key are required to create a Supabase client!

Check your Supabase project's API settings to find these values

https://supabase.com/dashboard/project/_/settings/api
    at <unknown> (https://supabase.com/dashboard/project/_/settings/api)
    at createServerClient (webpack-internal:///(middleware)/./node_modules/@supabase/ssr/dist/module/createServerClient.js:15:15)
    at updateSession (webpack-internal:///(middleware)/./utils/supabase/middleware.ts:15:87)
    at Object.middleware [as handler] (webpack-internal:///(middleware)/./middleware.ts:11:111)
    at eval (webpack-internal:///(middleware)/./node_modules/next/dist/esm/server/web/adapter.js:197:31)
    at AsyncLocalStorage.run (node:internal/async_local_storage/async_hooks:91:14)
    at Object.wrap (webpack-internal:///(middleware)/./node_modules/next/dist/esm/server/async-storage/request-async-storage-wrapper.js:105:24)
    at eval (webpack-internal:///(middleware)/./node_modules/next/dist/esm/server/web/adapter.js:188:122)
    at eval (webpack-internal:///(middleware)/./node_modules/next/dist/esm/server/lib/trace/tracer.js:115:36)
    at NoopContextManager.with (webpack-internal:///(middleware)/./node_modules/next/dist/compiled/@opentelemetry/api/index.js:2:7062)
    at ContextAPI.with (webpack-internal:///(middleware)/./node_modules/next/dist/compiled/@opentelemetry/api/index.js:2:518)
 ✓ Compiled /_not-found in 16.3s (1882 modules)
 GET /dashboard 404 in 3ms
 ⨯ Error [ERR_HTTP_HEADERS_SENT]: Cannot append headers after they are sent to the client
    at ServerResponse.appendHeader (node:_http_outgoing:756:11)
digest: "605009736"
Supabase URL or Key is missing. Using placeholders for build.
 ⨯ Error [ERR_HTTP_HEADERS_SENT]: Cannot append headers after they are sent to the client
    at ServerResponse.appendHeader (node:_http_outgoing:756:11)
digest: "605009736"
Supabase URL or Key is missing. Using placeholders for build.
 ⨯ Error: Your project's URL and Key are required to create a Supabase client!

Check your Supabase project's API settings to find these values

https://supabase.com/dashboard/project/_/settings/api
    at <unknown> (https://supabase.com/dashboard/project/_/settings/api)
    at createServerClient (webpack-internal:///(middleware)/./node_modules/@supabase/ssr/dist/module/createServerClient.js:15:15)
    at updateSession (webpack-internal:///(middleware)/./utils/supabase/middleware.ts:15:87)
    at Object.middleware [as handler] (webpack-internal:///(middleware)/./middleware.ts:11:111)
    at eval (webpack-internal:///(middleware)/./node_modules/next/dist/esm/server/web/adapter.js:197:31)
    at AsyncLocalStorage.run (node:internal/async_local_storage/async_hooks:91:14)
    at Object.wrap (webpack-internal:///(middleware)/./node_modules/next/dist/esm/server/async-storage/request-async-storage-wrapper.js:105:24)
    at eval (webpack-internal:///(middleware)/./node_modules/next/dist/esm/server/web/adapter.js:188:122)
    at eval (webpack-internal:///(middleware)/./node_modules/next/dist/esm/server/lib/trace/tracer.js:115:36)
    at NoopContextManager.with (webpack-internal:///(middleware)/./node_modules/next/dist/compiled/@opentelemetry/api/index.js:2:7062)
    at ContextAPI.with (webpack-internal:///(middleware)/./node_modules/next/dist/compiled/@opentelemetry/api/index.js:2:518)
 ⚠ Fast Refresh had to perform a full reload due to a runtime error.
 ⨯ Error: Your project's URL and Key are required to create a Supabase client!

Check your Supabase project's API settings to find these values

https://supabase.com/dashboard/project/_/settings/api
    at <unknown> (https://supabase.com/dashboard/project/_/settings/api)
    at createServerClient (webpack-internal:///(middleware)/./node_modules/@supabase/ssr/dist/module/createServerClient.js:15:15)
    at updateSession (webpack-internal:///(middleware)/./utils/supabase/middleware.ts:15:87)
    at Object.middleware [as handler] (webpack-internal:///(middleware)/./middleware.ts:11:111)
    at eval (webpack-internal:///(middleware)/./node_modules/next/dist/esm/server/web/adapter.js:197:31)
    at AsyncLocalStorage.run (node:internal/async_local_storage/async_hooks:91:14)
    at Object.wrap (webpack-internal:///(middleware)/./node_modules/next/dist/esm/server/async-storage/request-async-storage-wrapper.js:105:24)
    at eval (webpack-internal:///(middleware)/./node_modules/next/dist/esm/server/web/adapter.js:188:122)
    at eval (webpack-internal:///(middleware)/./node_modules/next/dist/esm/server/lib/trace/tracer.js:115:36)
    at NoopContextManager.with (webpack-internal:///(middleware)/./node_modules/next/dist/compiled/@opentelemetry/api/index.js:2:7062)
    at ContextAPI.with (webpack-internal:///(middleware)/./node_modules/next/dist/compiled/@opentelemetry/api/index.js:2:518)
 GET /dashboard 404 in 2ms
 ⨯ Error [ERR_HTTP_HEADERS_SENT]: Cannot append headers after they are sent to the client
    at ServerResponse.appendHeader (node:_http_outgoing:756:11)
digest: "605009736"
Supabase URL or Key is missing. Using placeholders for build.
 ⨯ Error: Your project's URL and Key are required to create a Supabase client!

Check your Supabase project's API settings to find these values

https://supabase.com/dashboard/project/_/settings/api
    at <unknown> (https://supabase.com/dashboard/project/_/settings/api)
    at createServerClient (webpack-internal:///(middleware)/./node_modules/@supabase/ssr/dist/module/createServerClient.js:15:15)
    at updateSession (webpack-internal:///(middleware)/./utils/supabase/middleware.ts:15:87)
    at Object.middleware [as handler] (webpack-internal:///(middleware)/./middleware.ts:11:111)
    at eval (webpack-internal:///(middleware)/./node_modules/next/dist/esm/server/web/adapter.js:197:31)
    at AsyncLocalStorage.run (node:internal/async_local_storage/async_hooks:91:14)
    at Object.wrap (webpack-internal:///(middleware)/./node_modules/next/dist/esm/server/async-storage/request-async-storage-wrapper.js:105:24)
    at eval (webpack-internal:///(middleware)/./node_modules/next/dist/esm/server/web/adapter.js:188:122)
    at eval (webpack-internal:///(middleware)/./node_modules/next/dist/esm/server/lib/trace/tracer.js:115:36)
    at NoopContextManager.with (webpack-internal:///(middleware)/./node_modules/next/dist/compiled/@opentelemetry/api/index.js:2:7062)
    at ContextAPI.with (webpack-internal:///(middleware)/./node_modules/next/dist/compiled/@opentelemetry/api/index.js:2:518)
 GET /dashboard 404 in 3ms
 ⨯ Error [ERR_HTTP_HEADERS_SENT]: Cannot append headers after they are sent to the client
    at ServerResponse.appendHeader (node:_http_outgoing:756:11)
digest: "605009736"
Supabase URL or Key is missing. Using placeholders for build.
 ⨯ Error: Your project's URL and Key are required to create a Supabase client!

Check your Supabase project's API settings to find these values

https://supabase.com/dashboard/project/_/settings/api
    at <unknown> (https://supabase.com/dashboard/project/_/settings/api)
    at createServerClient (webpack-internal:///(middleware)/./node_modules/@supabase/ssr/dist/module/createServerClient.js:15:15)
    at updateSession (webpack-internal:///(middleware)/./utils/supabase/middleware.ts:15:87)
    at Object.middleware [as handler] (webpack-internal:///(middleware)/./middleware.ts:11:111)
    at eval (webpack-internal:///(middleware)/./node_modules/next/dist/esm/server/web/adapter.js:197:31)
    at AsyncLocalStorage.run (node:internal/async_local_storage/async_hooks:91:14)
    at Object.wrap (webpack-internal:///(middleware)/./node_modules/next/dist/esm/server/async-storage/request-async-storage-wrapper.js:105:24)
    at eval (webpack-internal:///(middleware)/./node_modules/next/dist/esm/server/web/adapter.js:188:122)
    at eval (webpack-internal:///(middleware)/./node_modules/next/dist/esm/server/lib/trace/tracer.js:115:36)
    at NoopContextManager.with (webpack-internal:///(middleware)/./node_modules/next/dist/compiled/@opentelemetry/api/index.js:2:7062)
    at ContextAPI.with (webpack-internal:///(middleware)/./node_modules/next/dist/compiled/@opentelemetry/api/index.js:2:518)
 GET /dashboard 404 in 2ms
 ⨯ Error [ERR_HTTP_HEADERS_SENT]: Cannot append headers after they are sent to the client
    at ServerResponse.appendHeader (node:_http_outgoing:756:11)
digest: "605009736"
Supabase URL or Key is missing. Using placeholders for build.
 ✓ Compiled in 146ms (123 modules)
Supabase URL or Key is missing in middleware. Using placeholders.
Supabase URL or Key is missing in middleware. Using placeholders.
 ○ Compiling /login ...
 ✓ Compiled /login in 2.1s (2045 modules)
Supabase URL or Key is missing. Using placeholders for build.
Supabase URL or Key is missing. Using placeholders for build.
Supabase URL or Key is missing. Using placeholders for build.
 GET /login 200 in 2489ms
Supabase URL or Key is missing in middleware. Using placeholders.
Supabase URL or Key is missing in middleware. Using placeholders.
Supabase URL or Key is missing. Using placeholders for build.
Supabase URL or Key is missing. Using placeholders for build.
Supabase URL or Key is missing. Using placeholders for build.
 GET /login 200 in 45ms
<w> [webpack.cache.PackFileCacheStrategy] Serializing big strings (133kiB) impacts deserialization performance (consider using Buffer instead and decode when needed)
